// Jest Snapshot v1, https://goo.gl/fbAQLP

exports[`matches snapshot 1`] = `
<div
  data-testid="todo-1"
  style={
    Object {
      "padding": "10px",
    }
  }
>
  Â 
  <span
    style={
      Object {
        "color": "red",
      }
    }
  >
    Do Laundry
  </span>
</div>
`;
